------------------------------------------------------------
Timing Analyzer Summary
------------------------------------------------------------

Type  : Slow 1100mV 85C Model Setup '\VGA_CLOCK:v_25MHzClk'
Slack : -4.344
TNS   : -246.690

Type  : Slow 1100mV 85C Model Setup 'MOUSE:C4|MOUSE_CLK_FILTER'
Slack : -3.414
TNS   : -73.335

Type  : Slow 1100mV 85C Model Setup 'Clk'
Slack : -2.975
TNS   : -28.317

Type  : Slow 1100mV 85C Model Hold '\VGA_CLOCK:v_25MHzClk'
Slack : 0.298
TNS   : 0.000

Type  : Slow 1100mV 85C Model Hold 'Clk'
Slack : 0.591
TNS   : 0.000

Type  : Slow 1100mV 85C Model Hold 'MOUSE:C4|MOUSE_CLK_FILTER'
Slack : 0.800
TNS   : 0.000

Type  : Slow 1100mV 85C Model Recovery 'MOUSE:C4|MOUSE_CLK_FILTER'
Slack : -2.479
TNS   : -39.551

Type  : Slow 1100mV 85C Model Removal 'MOUSE:C4|MOUSE_CLK_FILTER'
Slack : 1.578
TNS   : 0.000

Type  : Slow 1100mV 85C Model Minimum Pulse Width 'Clk'
Slack : -2.636
TNS   : -37.157

Type  : Slow 1100mV 85C Model Minimum Pulse Width '\VGA_CLOCK:v_25MHzClk'
Slack : -0.538
TNS   : -83.241

Type  : Slow 1100mV 85C Model Minimum Pulse Width 'MOUSE:C4|MOUSE_CLK_FILTER'
Slack : -0.538
TNS   : -17.366

Type  : Slow 1100mV 0C Model Setup '\VGA_CLOCK:v_25MHzClk'
Slack : -4.678
TNS   : -249.261

Type  : Slow 1100mV 0C Model Setup 'MOUSE:C4|MOUSE_CLK_FILTER'
Slack : -3.208
TNS   : -65.656

Type  : Slow 1100mV 0C Model Setup 'Clk'
Slack : -2.622
TNS   : -25.326

Type  : Slow 1100mV 0C Model Hold 'Clk'
Slack : 0.268
TNS   : 0.000

Type  : Slow 1100mV 0C Model Hold '\VGA_CLOCK:v_25MHzClk'
Slack : 0.448
TNS   : 0.000

Type  : Slow 1100mV 0C Model Hold 'MOUSE:C4|MOUSE_CLK_FILTER'
Slack : 0.820
TNS   : 0.000

Type  : Slow 1100mV 0C Model Recovery 'MOUSE:C4|MOUSE_CLK_FILTER'
Slack : -2.244
TNS   : -35.773

Type  : Slow 1100mV 0C Model Removal 'MOUSE:C4|MOUSE_CLK_FILTER'
Slack : 1.439
TNS   : 0.000

Type  : Slow 1100mV 0C Model Minimum Pulse Width 'Clk'
Slack : -2.636
TNS   : -37.435

Type  : Slow 1100mV 0C Model Minimum Pulse Width '\VGA_CLOCK:v_25MHzClk'
Slack : -0.538
TNS   : -82.835

Type  : Slow 1100mV 0C Model Minimum Pulse Width 'MOUSE:C4|MOUSE_CLK_FILTER'
Slack : -0.538
TNS   : -17.136

Type  : Fast 1100mV 85C Model Setup 'Clk'
Slack : -1.855
TNS   : -14.508

Type  : Fast 1100mV 85C Model Setup '\VGA_CLOCK:v_25MHzClk'
Slack : -1.843
TNS   : -92.781

Type  : Fast 1100mV 85C Model Setup 'MOUSE:C4|MOUSE_CLK_FILTER'
Slack : -1.687
TNS   : -34.440

Type  : Fast 1100mV 85C Model Hold '\VGA_CLOCK:v_25MHzClk'
Slack : 0.020
TNS   : 0.000

Type  : Fast 1100mV 85C Model Hold 'Clk'
Slack : 0.065
TNS   : 0.000

Type  : Fast 1100mV 85C Model Hold 'MOUSE:C4|MOUSE_CLK_FILTER'
Slack : 0.422
TNS   : 0.000

Type  : Fast 1100mV 85C Model Recovery 'MOUSE:C4|MOUSE_CLK_FILTER'
Slack : -1.073
TNS   : -17.116

Type  : Fast 1100mV 85C Model Removal 'MOUSE:C4|MOUSE_CLK_FILTER'
Slack : 0.778
TNS   : 0.000

Type  : Fast 1100mV 85C Model Minimum Pulse Width 'Clk'
Slack : -2.174
TNS   : -25.961

Type  : Fast 1100mV 85C Model Minimum Pulse Width '\VGA_CLOCK:v_25MHzClk'
Slack : -0.146
TNS   : -4.375

Type  : Fast 1100mV 85C Model Minimum Pulse Width 'MOUSE:C4|MOUSE_CLK_FILTER'
Slack : 0.138
TNS   : 0.000

Type  : Fast 1100mV 0C Model Setup '\VGA_CLOCK:v_25MHzClk'
Slack : -1.867
TNS   : -83.100

Type  : Fast 1100mV 0C Model Setup 'Clk'
Slack : -1.537
TNS   : -10.732

Type  : Fast 1100mV 0C Model Setup 'MOUSE:C4|MOUSE_CLK_FILTER'
Slack : -1.474
TNS   : -29.674

Type  : Fast 1100mV 0C Model Hold 'Clk'
Slack : -0.082
TNS   : -0.320

Type  : Fast 1100mV 0C Model Hold '\VGA_CLOCK:v_25MHzClk'
Slack : 0.033
TNS   : 0.000

Type  : Fast 1100mV 0C Model Hold 'MOUSE:C4|MOUSE_CLK_FILTER'
Slack : 0.386
TNS   : 0.000

Type  : Fast 1100mV 0C Model Recovery 'MOUSE:C4|MOUSE_CLK_FILTER'
Slack : -0.918
TNS   : -14.656

Type  : Fast 1100mV 0C Model Removal 'MOUSE:C4|MOUSE_CLK_FILTER'
Slack : 0.672
TNS   : 0.000

Type  : Fast 1100mV 0C Model Minimum Pulse Width 'Clk'
Slack : -2.174
TNS   : -25.942

Type  : Fast 1100mV 0C Model Minimum Pulse Width '\VGA_CLOCK:v_25MHzClk'
Slack : -0.083
TNS   : -2.214

Type  : Fast 1100mV 0C Model Minimum Pulse Width 'MOUSE:C4|MOUSE_CLK_FILTER'
Slack : 0.125
TNS   : 0.000

------------------------------------------------------------
