Analysis & Synthesis report for 305MiniProject
Wed May 03 12:55:54 2023
Quartus Prime Version 18.1.0 Build 625 09/12/2018 SJ Standard Edition


---------------------
; Table of Contents ;
---------------------
  1. Legal Notice
  2. Analysis & Synthesis Summary
  3. Analysis & Synthesis Settings
  4. Parallel Compilation
  5. Analysis & Synthesis Source Files Read
  6. Analysis & Synthesis Resource Usage Summary
  7. Analysis & Synthesis Resource Utilization by Entity
  8. Analysis & Synthesis RAM Summary
  9. State Machine - |main|MOUSE:C4|mouse_state
 10. Registers Removed During Synthesis
 11. General Register Statistics
 12. Inverted Register Statistics
 13. Multiplexer Restructuring Statistics (Restructuring Performed)
 14. Source assignments for renderer:C1|sprite_rom:BIRD_ROM|altsyncram:altsyncram_component|altsyncram_9bg1:auto_generated
 15. Parameter Settings for User Entity Instance: renderer:C1|sprite_rom:BIRD_ROM
 16. Parameter Settings for User Entity Instance: renderer:C1|sprite_rom:BIRD_ROM|altsyncram:altsyncram_component
 17. altsyncram Parameter Settings by Entity Instance
 18. Port Connectivity Checks: "MOUSE:C4"
 19. Port Connectivity Checks: "player_update:C3"
 20. Port Connectivity Checks: "renderer:C1"
 21. Post-Synthesis Netlist Statistics for Top Partition
 22. Elapsed Time Per Partition
 23. Analysis & Synthesis Messages



----------------
; Legal Notice ;
----------------
Copyright (C) 2018  Intel Corporation. All rights reserved.
Your use of Intel Corporation's design tools, logic functions 
and other software and tools, and its AMPP partner logic 
functions, and any output files from any of the foregoing 
(including device programming or simulation files), and any 
associated documentation or information are expressly subject 
to the terms and conditions of the Intel Program License 
Subscription Agreement, the Intel Quartus Prime License Agreement,
the Intel FPGA IP License Agreement, or other applicable license
agreement, including, without limitation, that your use is for
the sole purpose of programming logic devices manufactured by
Intel and sold by Intel or its authorized distributors.  Please
refer to the applicable agreement for further details.



+-----------------------------------------------------------------------------------+
; Analysis & Synthesis Summary                                                      ;
+---------------------------------+-------------------------------------------------+
; Analysis & Synthesis Status     ; Successful - Wed May 03 12:55:54 2023           ;
; Quartus Prime Version           ; 18.1.0 Build 625 09/12/2018 SJ Standard Edition ;
; Revision Name                   ; 305MiniProject                                  ;
; Top-level Entity Name           ; main                                            ;
; Family                          ; Cyclone V                                       ;
; Logic utilization (in ALMs)     ; N/A                                             ;
; Total registers                 ; 115                                             ;
; Total pins                      ; 17                                              ;
; Total virtual pins              ; 0                                               ;
; Total block memory bits         ; 768                                             ;
; Total DSP Blocks                ; 0                                               ;
; Total HSSI RX PCSs              ; 0                                               ;
; Total HSSI PMA RX Deserializers ; 0                                               ;
; Total HSSI TX PCSs              ; 0                                               ;
; Total HSSI PMA TX Serializers   ; 0                                               ;
; Total PLLs                      ; 0                                               ;
; Total DLLs                      ; 0                                               ;
+---------------------------------+-------------------------------------------------+


+---------------------------------------------------------------------------------------------------------------------------+
; Analysis & Synthesis Settings                                                                                             ;
+---------------------------------------------------------------------------------+--------------------+--------------------+
; Option                                                                          ; Setting            ; Default Value      ;
+---------------------------------------------------------------------------------+--------------------+--------------------+
; Device                                                                          ; 5CEBA4F23C7        ;                    ;
; Top-level entity name                                                           ; main               ; 305MiniProject     ;
; Family name                                                                     ; Cyclone V          ; Cyclone V          ;
; Use smart compilation                                                           ; Off                ; Off                ;
; Enable parallel Assembler and Timing Analyzer during compilation                ; On                 ; On                 ;
; Enable compact report table                                                     ; Off                ; Off                ;
; Restructure Multiplexers                                                        ; Auto               ; Auto               ;
; MLAB Add Timing Constraints For Mixed-Port Feed-Through Mode Setting Don't Care ; Off                ; Off                ;
; Create Debugging Nodes for IP Cores                                             ; Off                ; Off                ;
; Preserve fewer node names                                                       ; On                 ; On                 ;
; Intel FPGA IP Evaluation Mode                                                   ; Enable             ; Enable             ;
; Verilog Version                                                                 ; Verilog_2001       ; Verilog_2001       ;
; VHDL Version                                                                    ; VHDL_1993          ; VHDL_1993          ;
; State Machine Processing                                                        ; Auto               ; Auto               ;
; Safe State Machine                                                              ; Off                ; Off                ;
; Extract Verilog State Machines                                                  ; On                 ; On                 ;
; Extract VHDL State Machines                                                     ; On                 ; On                 ;
; Ignore Verilog initial constructs                                               ; Off                ; Off                ;
; Iteration limit for constant Verilog loops                                      ; 5000               ; 5000               ;
; Iteration limit for non-constant Verilog loops                                  ; 250                ; 250                ;
; Add Pass-Through Logic to Inferred RAMs                                         ; On                 ; On                 ;
; Infer RAMs from Raw Logic                                                       ; On                 ; On                 ;
; Parallel Synthesis                                                              ; On                 ; On                 ;
; DSP Block Balancing                                                             ; Auto               ; Auto               ;
; NOT Gate Push-Back                                                              ; On                 ; On                 ;
; Power-Up Don't Care                                                             ; On                 ; On                 ;
; Remove Redundant Logic Cells                                                    ; Off                ; Off                ;
; Remove Duplicate Registers                                                      ; On                 ; On                 ;
; Ignore CARRY Buffers                                                            ; Off                ; Off                ;
; Ignore CASCADE Buffers                                                          ; Off                ; Off                ;
; Ignore GLOBAL Buffers                                                           ; Off                ; Off                ;
; Ignore ROW GLOBAL Buffers                                                       ; Off                ; Off                ;
; Ignore LCELL Buffers                                                            ; Off                ; Off                ;
; Ignore SOFT Buffers                                                             ; On                 ; On                 ;
; Limit AHDL Integers to 32 Bits                                                  ; Off                ; Off                ;
; Optimization Technique                                                          ; Balanced           ; Balanced           ;
; Carry Chain Length                                                              ; 70                 ; 70                 ;
; Auto Carry Chains                                                               ; On                 ; On                 ;
; Auto Open-Drain Pins                                                            ; On                 ; On                 ;
; Perform WYSIWYG Primitive Resynthesis                                           ; Off                ; Off                ;
; Auto ROM Replacement                                                            ; On                 ; On                 ;
; Auto RAM Replacement                                                            ; On                 ; On                 ;
; Auto DSP Block Replacement                                                      ; On                 ; On                 ;
; Auto Shift Register Replacement                                                 ; Auto               ; Auto               ;
; Allow Shift Register Merging across Hierarchies                                 ; Auto               ; Auto               ;
; Auto Clock Enable Replacement                                                   ; On                 ; On                 ;
; Strict RAM Replacement                                                          ; Off                ; Off                ;
; Allow Synchronous Control Signals                                               ; On                 ; On                 ;
; Force Use of Synchronous Clear Signals                                          ; Off                ; Off                ;
; Auto Resource Sharing                                                           ; Off                ; Off                ;
; Allow Any RAM Size For Recognition                                              ; Off                ; Off                ;
; Allow Any ROM Size For Recognition                                              ; Off                ; Off                ;
; Allow Any Shift Register Size For Recognition                                   ; Off                ; Off                ;
; Use LogicLock Constraints during Resource Balancing                             ; On                 ; On                 ;
; Ignore translate_off and synthesis_off directives                               ; Off                ; Off                ;
; Timing-Driven Synthesis                                                         ; On                 ; On                 ;
; Report Parameter Settings                                                       ; On                 ; On                 ;
; Report Source Assignments                                                       ; On                 ; On                 ;
; Report Connectivity Checks                                                      ; On                 ; On                 ;
; Ignore Maximum Fan-Out Assignments                                              ; Off                ; Off                ;
; Synchronization Register Chain Length                                           ; 3                  ; 3                  ;
; Power Optimization During Synthesis                                             ; Normal compilation ; Normal compilation ;
; HDL message level                                                               ; Level2             ; Level2             ;
; Suppress Register Optimization Related Messages                                 ; Off                ; Off                ;
; Number of Removed Registers Reported in Synthesis Report                        ; 5000               ; 5000               ;
; Number of Swept Nodes Reported in Synthesis Report                              ; 5000               ; 5000               ;
; Number of Inverted Registers Reported in Synthesis Report                       ; 100                ; 100                ;
; Clock MUX Protection                                                            ; On                 ; On                 ;
; Auto Gated Clock Conversion                                                     ; Off                ; Off                ;
; Block Design Naming                                                             ; Auto               ; Auto               ;
; SDC constraint protection                                                       ; Off                ; Off                ;
; Synthesis Effort                                                                ; Auto               ; Auto               ;
; Shift Register Replacement - Allow Asynchronous Clear Signal                    ; On                 ; On                 ;
; Pre-Mapping Resynthesis Optimization                                            ; Off                ; Off                ;
; Analysis & Synthesis Message Level                                              ; Medium             ; Medium             ;
; Disable Register Merging Across Hierarchies                                     ; Auto               ; Auto               ;
; Resource Aware Inference For Block RAM                                          ; On                 ; On                 ;
; Automatic Parallel Synthesis                                                    ; On                 ; On                 ;
; Partial Reconfiguration Bitstream ID                                            ; Off                ; Off                ;
+---------------------------------------------------------------------------------+--------------------+--------------------+


+------------------------------------------+
; Parallel Compilation                     ;
+----------------------------+-------------+
; Processors                 ; Number      ;
+----------------------------+-------------+
; Number detected on machine ; 8           ;
; Maximum allowed            ; 8           ;
;                            ;             ;
; Average used               ; 1.00        ;
; Maximum used               ; 8           ;
;                            ;             ;
; Usage by Processor         ; % Time Used ;
;     Processor 1            ; 100.0%      ;
;     Processor 2            ;   0.0%      ;
;     Processors 3-8         ;   0.0%      ;
+----------------------------+-------------+


+-----------------------------------------------------------------------------------------------------------------------------------------------------------------------+
; Analysis & Synthesis Source Files Read                                                                                                                                ;
+----------------------------------+-----------------+------------------------------+-------------------------------------------------------------------------+---------+
; File Name with User-Entered Path ; Used in Netlist ; File Type                    ; File Name with Absolute Path                                            ; Library ;
+----------------------------------+-----------------+------------------------------+-------------------------------------------------------------------------+---------+
; ../modelsim/sprite_rom.vhd       ; yes             ; User VHDL File               ; H:/Documents/305-MiniProject/modelsim/sprite_rom.vhd                    ;         ;
; ../modelsim/mouse.vhd            ; yes             ; User VHDL File               ; H:/Documents/305-MiniProject/modelsim/mouse.vhd                         ;         ;
; ../modelsim/vga_sync.vhd         ; yes             ; User VHDL File               ; H:/Documents/305-MiniProject/modelsim/vga_sync.vhd                      ;         ;
; ../modelsim/renderer.vhd         ; yes             ; User VHDL File               ; H:/Documents/305-MiniProject/modelsim/renderer.vhd                      ;         ;
; ../modelsim/player_update.vhd    ; yes             ; User VHDL File               ; H:/Documents/305-MiniProject/modelsim/player_update.vhd                 ;         ;
; ../modelsim/main.vhd             ; yes             ; User VHDL File               ; H:/Documents/305-MiniProject/modelsim/main.vhd                          ;         ;
; altsyncram.tdf                   ; yes             ; Megafunction                 ; c:/intelfpga/18.1/quartus/libraries/megafunctions/altsyncram.tdf        ;         ;
; stratix_ram_block.inc            ; yes             ; Megafunction                 ; c:/intelfpga/18.1/quartus/libraries/megafunctions/stratix_ram_block.inc ;         ;
; lpm_mux.inc                      ; yes             ; Megafunction                 ; c:/intelfpga/18.1/quartus/libraries/megafunctions/lpm_mux.inc           ;         ;
; lpm_decode.inc                   ; yes             ; Megafunction                 ; c:/intelfpga/18.1/quartus/libraries/megafunctions/lpm_decode.inc        ;         ;
; aglobal181.inc                   ; yes             ; Megafunction                 ; c:/intelfpga/18.1/quartus/libraries/megafunctions/aglobal181.inc        ;         ;
; a_rdenreg.inc                    ; yes             ; Megafunction                 ; c:/intelfpga/18.1/quartus/libraries/megafunctions/a_rdenreg.inc         ;         ;
; altrom.inc                       ; yes             ; Megafunction                 ; c:/intelfpga/18.1/quartus/libraries/megafunctions/altrom.inc            ;         ;
; altram.inc                       ; yes             ; Megafunction                 ; c:/intelfpga/18.1/quartus/libraries/megafunctions/altram.inc            ;         ;
; altdpram.inc                     ; yes             ; Megafunction                 ; c:/intelfpga/18.1/quartus/libraries/megafunctions/altdpram.inc          ;         ;
; db/altsyncram_9bg1.tdf           ; yes             ; Auto-Generated Megafunction  ; H:/Documents/305-MiniProject/quartus/db/altsyncram_9bg1.tdf             ;         ;
+----------------------------------+-----------------+------------------------------+-------------------------------------------------------------------------+---------+


+---------------------------------------------------------------------+
; Analysis & Synthesis Resource Usage Summary                         ;
+---------------------------------------------+-----------------------+
; Resource                                    ; Usage                 ;
+---------------------------------------------+-----------------------+
; Estimate of Logic utilization (ALMs needed) ; 67                    ;
;                                             ;                       ;
; Combinational ALUT usage for logic          ; 92                    ;
;     -- 7 input functions                    ; 0                     ;
;     -- 6 input functions                    ; 16                    ;
;     -- 5 input functions                    ; 10                    ;
;     -- 4 input functions                    ; 13                    ;
;     -- <=3 input functions                  ; 53                    ;
;                                             ;                       ;
; Dedicated logic registers                   ; 115                   ;
;                                             ;                       ;
; I/O pins                                    ; 17                    ;
; Total MLAB memory bits                      ; 0                     ;
; Total block memory bits                     ; 768                   ;
;                                             ;                       ;
; Total DSP Blocks                            ; 0                     ;
;                                             ;                       ;
; Maximum fan-out node                        ; \VGA_CLOCK:v_25MHzClk ;
; Maximum fan-out                             ; 86                    ;
; Total fan-out                               ; 766                   ;
; Average fan-out                             ; 3.00                  ;
+---------------------------------------------+-----------------------+


+-----------------------------------------------------------------------------------------------------------------------------------------------------------------------------------------------------------------------------------------------------------------------------------------------+
; Analysis & Synthesis Resource Utilization by Entity                                                                                                                                                                                                                                           ;
+----------------------------------------------+---------------------+---------------------------+-------------------+------------+------+--------------+------------------------------------------------------------------------------------------------------+-----------------+--------------+
; Compilation Hierarchy Node                   ; Combinational ALUTs ; Dedicated Logic Registers ; Block Memory Bits ; DSP Blocks ; Pins ; Virtual Pins ; Full Hierarchy Name                                                                                  ; Entity Name     ; Library Name ;
+----------------------------------------------+---------------------+---------------------------+-------------------+------------+------+--------------+------------------------------------------------------------------------------------------------------+-----------------+--------------+
; |main                                        ; 92 (1)              ; 115 (1)                   ; 768               ; 0          ; 17   ; 0            ; |main                                                                                                ; main            ; work         ;
;    |MOUSE:C4|                                ; 42 (42)             ; 50 (50)                   ; 0                 ; 0          ; 0    ; 0            ; |main|MOUSE:C4                                                                                       ; MOUSE           ; work         ;
;    |VGA_SYNC:C2|                             ; 37 (37)             ; 57 (57)                   ; 0                 ; 0          ; 0    ; 0            ; |main|VGA_SYNC:C2                                                                                    ; VGA_SYNC        ; work         ;
;    |renderer:C1|                             ; 12 (12)             ; 7 (7)                     ; 768               ; 0          ; 0    ; 0            ; |main|renderer:C1                                                                                    ; renderer        ; work         ;
;       |sprite_rom:BIRD_ROM|                  ; 0 (0)               ; 0 (0)                     ; 768               ; 0          ; 0    ; 0            ; |main|renderer:C1|sprite_rom:BIRD_ROM                                                                ; sprite_rom      ; work         ;
;          |altsyncram:altsyncram_component|   ; 0 (0)               ; 0 (0)                     ; 768               ; 0          ; 0    ; 0            ; |main|renderer:C1|sprite_rom:BIRD_ROM|altsyncram:altsyncram_component                                ; altsyncram      ; work         ;
;             |altsyncram_9bg1:auto_generated| ; 0 (0)               ; 0 (0)                     ; 768               ; 0          ; 0    ; 0            ; |main|renderer:C1|sprite_rom:BIRD_ROM|altsyncram:altsyncram_component|altsyncram_9bg1:auto_generated ; altsyncram_9bg1 ; work         ;
+----------------------------------------------+---------------------+---------------------------+-------------------+------------+------+--------------+------------------------------------------------------------------------------------------------------+-----------------+--------------+
Note: For table entries with two numbers listed, the numbers in parentheses indicate the number of resources of the given type used by the specific entity alone. The numbers listed outside of parentheses indicate the total resources of the given type used by the specific entity and all of its sub-entities in the hierarchy.


+-----------------------------------------------------------------------------------------------------------------------------------------------------------------------------------------------------------+
; Analysis & Synthesis RAM Summary                                                                                                                                                                          ;
+-----------------------------------------------------------------------------------------------------------+------+------+--------------+--------------+--------------+--------------+------+--------------+
; Name                                                                                                      ; Type ; Mode ; Port A Depth ; Port A Width ; Port B Depth ; Port B Width ; Size ; MIF          ;
+-----------------------------------------------------------------------------------------------------------+------+------+--------------+--------------+--------------+--------------+------+--------------+
; renderer:C1|sprite_rom:BIRD_ROM|altsyncram:altsyncram_component|altsyncram_9bg1:auto_generated|ALTSYNCRAM ; AUTO ; ROM  ; 64           ; 12           ; --           ; --           ; 768  ; bird_rom.mif ;
+-----------------------------------------------------------------------------------------------------------+------+------+--------------+--------------+--------------+--------------+------+--------------+


Encoding Type:  One-Hot
+---------------------------------------------------------------------------------------------------------------------------------------------------------------------------------------------------------+
; State Machine - |main|MOUSE:C4|mouse_state                                                                                                                                                              ;
+-------------------------------+---------------------------+--------------------------+-------------------------------+---------------------------+--------------------------+---------------------------+
; Name                          ; mouse_state.INPUT_PACKETS ; mouse_state.WAIT_CMD_ACK ; mouse_state.WAIT_OUTPUT_READY ; mouse_state.LOAD_COMMAND2 ; mouse_state.LOAD_COMMAND ; mouse_state.INHIBIT_TRANS ;
+-------------------------------+---------------------------+--------------------------+-------------------------------+---------------------------+--------------------------+---------------------------+
; mouse_state.INHIBIT_TRANS     ; 0                         ; 0                        ; 0                             ; 0                         ; 0                        ; 0                         ;
; mouse_state.LOAD_COMMAND      ; 0                         ; 0                        ; 0                             ; 0                         ; 1                        ; 1                         ;
; mouse_state.LOAD_COMMAND2     ; 0                         ; 0                        ; 0                             ; 1                         ; 0                        ; 1                         ;
; mouse_state.WAIT_OUTPUT_READY ; 0                         ; 0                        ; 1                             ; 0                         ; 0                        ; 1                         ;
; mouse_state.WAIT_CMD_ACK      ; 0                         ; 1                        ; 0                             ; 0                         ; 0                        ; 1                         ;
; mouse_state.INPUT_PACKETS     ; 1                         ; 0                        ; 0                             ; 0                         ; 0                        ; 1                         ;
+-------------------------------+---------------------------+--------------------------+-------------------------------+---------------------------+--------------------------+---------------------------+


+---------------------------------------------------------------------------------+
; Registers Removed During Synthesis                                              ;
+----------------------------------------+----------------------------------------+
; Register name                          ; Reason for Removal                     ;
+----------------------------------------+----------------------------------------+
; player_update:C3|NewY[7..9]            ; Stuck at GND due to stuck port data_in ;
; player_update:C3|NewY[5,6]             ; Stuck at VCC due to stuck port data_in ;
; player_update:C3|NewY[3,4]             ; Stuck at GND due to stuck port data_in ;
; player_update:C3|NewY[2]               ; Stuck at VCC due to stuck port data_in ;
; player_update:C3|NewY[0,1]             ; Stuck at GND due to stuck port data_in ;
; MOUSE:C4|CHAROUT[4..7]                 ; Stuck at VCC due to stuck port data_in ;
; MOUSE:C4|CHAROUT[3]                    ; Stuck at GND due to stuck port data_in ;
; MOUSE:C4|CHAROUT[2]                    ; Stuck at VCC due to stuck port data_in ;
; MOUSE:C4|CHAROUT[0,1]                  ; Stuck at GND due to stuck port data_in ;
; MOUSE:C4|SHIFTOUT[10]                  ; Stuck at VCC due to stuck port data_in ;
; VGA_SYNC:C2|pixel_row[9]               ; Stuck at GND due to stuck port data_in ;
; Total Number of Removed Registers = 20 ;                                        ;
+----------------------------------------+----------------------------------------+


+------------------------------------------------------+
; General Register Statistics                          ;
+----------------------------------------------+-------+
; Statistic                                    ; Value ;
+----------------------------------------------+-------+
; Total registers                              ; 115   ;
; Number of registers using Synchronous Clear  ; 32    ;
; Number of registers using Synchronous Load   ; 0     ;
; Number of registers using Asynchronous Clear ; 16    ;
; Number of registers using Asynchronous Load  ; 0     ;
; Number of registers using Clock Enable       ; 62    ;
; Number of registers using Preset             ; 0     ;
+----------------------------------------------+-------+


+--------------------------------------------------+
; Inverted Register Statistics                     ;
+----------------------------------------+---------+
; Inverted Register                      ; Fan out ;
+----------------------------------------+---------+
; MOUSE:C4|send_char                     ; 3       ;
; MOUSE:C4|SHIFTOUT[3]                   ; 1       ;
; MOUSE:C4|SHIFTOUT[5]                   ; 1       ;
; MOUSE:C4|SHIFTOUT[6]                   ; 1       ;
; MOUSE:C4|SHIFTOUT[7]                   ; 1       ;
; MOUSE:C4|SHIFTOUT[8]                   ; 1       ;
; Total number of inverted registers = 6 ;         ;
+----------------------------------------+---------+


+----------------------------------------------------------------------------------------------------------------------------------------------+
; Multiplexer Restructuring Statistics (Restructuring Performed)                                                                               ;
+--------------------+-----------+---------------+----------------------+------------------------+------------+--------------------------------+
; Multiplexer Inputs ; Bus Width ; Baseline Area ; Area if Restructured ; Saving if Restructured ; Registered ; Example Multiplexer Output     ;
+--------------------+-----------+---------------+----------------------+------------------------+------------+--------------------------------+
; 3:1                ; 12 bits   ; 24 LEs        ; 0 LEs                ; 24 LEs                 ; Yes        ; |main|VGA_SYNC:C2|green_out[2] ;
; 3:1                ; 10 bits   ; 20 LEs        ; 0 LEs                ; 20 LEs                 ; Yes        ; |main|VGA_SYNC:C2|v_count[8]   ;
+--------------------+-----------+---------------+----------------------+------------------------+------------+--------------------------------+


+-----------------------------------------------------------------------------------------------------------------------+
; Source assignments for renderer:C1|sprite_rom:BIRD_ROM|altsyncram:altsyncram_component|altsyncram_9bg1:auto_generated ;
+---------------------------------+--------------------+------+---------------------------------------------------------+
; Assignment                      ; Value              ; From ; To                                                      ;
+---------------------------------+--------------------+------+---------------------------------------------------------+
; OPTIMIZE_POWER_DURING_SYNTHESIS ; NORMAL_COMPILATION ; -    ; -                                                       ;
+---------------------------------+--------------------+------+---------------------------------------------------------+


+------------------------------------------------------------------------------+
; Parameter Settings for User Entity Instance: renderer:C1|sprite_rom:BIRD_ROM ;
+----------------+--------------+----------------------------------------------+
; Parameter Name ; Value        ; Type                                         ;
+----------------+--------------+----------------------------------------------+
; sprite_file    ; bird_rom.mif ; String                                       ;
+----------------+--------------+----------------------------------------------+
Note: In order to hide this table in the UI and the text report file, please set the "Show Parameter Settings in Synthesis Report" option in "Analysis and Synthesis Settings -> More Settings" to "Off".


+--------------------------------------------------------------------------------------------------------------+
; Parameter Settings for User Entity Instance: renderer:C1|sprite_rom:BIRD_ROM|altsyncram:altsyncram_component ;
+------------------------------------+----------------------+--------------------------------------------------+
; Parameter Name                     ; Value                ; Type                                             ;
+------------------------------------+----------------------+--------------------------------------------------+
; BYTE_SIZE_BLOCK                    ; 8                    ; Untyped                                          ;
; AUTO_CARRY_CHAINS                  ; ON                   ; AUTO_CARRY                                       ;
; IGNORE_CARRY_BUFFERS               ; OFF                  ; IGNORE_CARRY                                     ;
; AUTO_CASCADE_CHAINS                ; ON                   ; AUTO_CASCADE                                     ;
; IGNORE_CASCADE_BUFFERS             ; OFF                  ; IGNORE_CASCADE                                   ;
; WIDTH_BYTEENA                      ; 1                    ; Untyped                                          ;
; OPERATION_MODE                     ; ROM                  ; Untyped                                          ;
; WIDTH_A                            ; 12                   ; Signed Integer                                   ;
; WIDTHAD_A                          ; 6                    ; Signed Integer                                   ;
; NUMWORDS_A                         ; 64                   ; Signed Integer                                   ;
; OUTDATA_REG_A                      ; UNREGISTERED         ; Untyped                                          ;
; ADDRESS_ACLR_A                     ; NONE                 ; Untyped                                          ;
; OUTDATA_ACLR_A                     ; NONE                 ; Untyped                                          ;
; WRCONTROL_ACLR_A                   ; NONE                 ; Untyped                                          ;
; INDATA_ACLR_A                      ; NONE                 ; Untyped                                          ;
; BYTEENA_ACLR_A                     ; NONE                 ; Untyped                                          ;
; WIDTH_B                            ; 1                    ; Untyped                                          ;
; WIDTHAD_B                          ; 1                    ; Untyped                                          ;
; NUMWORDS_B                         ; 1                    ; Untyped                                          ;
; INDATA_REG_B                       ; CLOCK1               ; Untyped                                          ;
; WRCONTROL_WRADDRESS_REG_B          ; CLOCK1               ; Untyped                                          ;
; RDCONTROL_REG_B                    ; CLOCK1               ; Untyped                                          ;
; ADDRESS_REG_B                      ; CLOCK1               ; Untyped                                          ;
; OUTDATA_REG_B                      ; UNREGISTERED         ; Untyped                                          ;
; BYTEENA_REG_B                      ; CLOCK1               ; Untyped                                          ;
; INDATA_ACLR_B                      ; NONE                 ; Untyped                                          ;
; WRCONTROL_ACLR_B                   ; NONE                 ; Untyped                                          ;
; ADDRESS_ACLR_B                     ; NONE                 ; Untyped                                          ;
; OUTDATA_ACLR_B                     ; NONE                 ; Untyped                                          ;
; RDCONTROL_ACLR_B                   ; NONE                 ; Untyped                                          ;
; BYTEENA_ACLR_B                     ; NONE                 ; Untyped                                          ;
; WIDTH_BYTEENA_A                    ; 1                    ; Signed Integer                                   ;
; WIDTH_BYTEENA_B                    ; 1                    ; Untyped                                          ;
; RAM_BLOCK_TYPE                     ; AUTO                 ; Untyped                                          ;
; BYTE_SIZE                          ; 8                    ; Untyped                                          ;
; READ_DURING_WRITE_MODE_MIXED_PORTS ; DONT_CARE            ; Untyped                                          ;
; READ_DURING_WRITE_MODE_PORT_A      ; NEW_DATA_NO_NBE_READ ; Untyped                                          ;
; READ_DURING_WRITE_MODE_PORT_B      ; NEW_DATA_NO_NBE_READ ; Untyped                                          ;
; INIT_FILE                          ; bird_rom.mif         ; Untyped                                          ;
; INIT_FILE_LAYOUT                   ; PORT_A               ; Untyped                                          ;
; MAXIMUM_DEPTH                      ; 0                    ; Untyped                                          ;
; CLOCK_ENABLE_INPUT_A               ; BYPASS               ; Untyped                                          ;
; CLOCK_ENABLE_INPUT_B               ; NORMAL               ; Untyped                                          ;
; CLOCK_ENABLE_OUTPUT_A              ; BYPASS               ; Untyped                                          ;
; CLOCK_ENABLE_OUTPUT_B              ; NORMAL               ; Untyped                                          ;
; CLOCK_ENABLE_CORE_A                ; USE_INPUT_CLKEN      ; Untyped                                          ;
; CLOCK_ENABLE_CORE_B                ; USE_INPUT_CLKEN      ; Untyped                                          ;
; ENABLE_ECC                         ; FALSE                ; Untyped                                          ;
; ECC_PIPELINE_STAGE_ENABLED         ; FALSE                ; Untyped                                          ;
; WIDTH_ECCSTATUS                    ; 3                    ; Untyped                                          ;
; DEVICE_FAMILY                      ; Cyclone V            ; Untyped                                          ;
; CBXI_PARAMETER                     ; altsyncram_9bg1      ; Untyped                                          ;
+------------------------------------+----------------------+--------------------------------------------------+
Note: In order to hide this table in the UI and the text report file, please set the "Show Parameter Settings in Synthesis Report" option in "Analysis and Synthesis Settings -> More Settings" to "Off".


+-------------------------------------------------------------------------------------------------------------+
; altsyncram Parameter Settings by Entity Instance                                                            ;
+-------------------------------------------+-----------------------------------------------------------------+
; Name                                      ; Value                                                           ;
+-------------------------------------------+-----------------------------------------------------------------+
; Number of entity instances                ; 1                                                               ;
; Entity Instance                           ; renderer:C1|sprite_rom:BIRD_ROM|altsyncram:altsyncram_component ;
;     -- OPERATION_MODE                     ; ROM                                                             ;
;     -- WIDTH_A                            ; 12                                                              ;
;     -- NUMWORDS_A                         ; 64                                                              ;
;     -- OUTDATA_REG_A                      ; UNREGISTERED                                                    ;
;     -- WIDTH_B                            ; 1                                                               ;
;     -- NUMWORDS_B                         ; 1                                                               ;
;     -- ADDRESS_REG_B                      ; CLOCK1                                                          ;
;     -- OUTDATA_REG_B                      ; UNREGISTERED                                                    ;
;     -- RAM_BLOCK_TYPE                     ; AUTO                                                            ;
;     -- READ_DURING_WRITE_MODE_MIXED_PORTS ; DONT_CARE                                                       ;
+-------------------------------------------+-----------------------------------------------------------------+


+-------------------------------------------------------------------------------------------------------------------------------+
; Port Connectivity Checks: "MOUSE:C4"                                                                                          ;
+---------------------+--------+----------+-------------------------------------------------------------------------------------+
; Port                ; Type   ; Severity ; Details                                                                             ;
+---------------------+--------+----------+-------------------------------------------------------------------------------------+
; reset               ; Input  ; Info     ; Stuck at GND                                                                        ;
; right_button        ; Output ; Info     ; Connected to dangling logic. Logic that only feeds a dangling port will be removed. ;
; mouse_cursor_row    ; Output ; Info     ; Connected to dangling logic. Logic that only feeds a dangling port will be removed. ;
; mouse_cursor_column ; Output ; Info     ; Connected to dangling logic. Logic that only feeds a dangling port will be removed. ;
+---------------------+--------+----------+-------------------------------------------------------------------------------------+


+----------------------------------------------+
; Port Connectivity Checks: "player_update:C3" ;
+-------+-------+----------+-------------------+
; Port  ; Type  ; Severity ; Details           ;
+-------+-------+----------+-------------------+
; reset ; Input ; Info     ; Stuck at GND      ;
+-------+-------+----------+-------------------+


+-----------------------------------------+
; Port Connectivity Checks: "renderer:C1" ;
+-------+-------+----------+--------------+
; Port  ; Type  ; Severity ; Details      ;
+-------+-------+----------+--------------+
; reset ; Input ; Info     ; Stuck at GND ;
+-------+-------+----------+--------------+


+-----------------------------------------------------+
; Post-Synthesis Netlist Statistics for Top Partition ;
+-----------------------+-----------------------------+
; Type                  ; Count                       ;
+-----------------------+-----------------------------+
; arriav_ff             ; 115                         ;
;     CLR               ; 1                           ;
;     ENA               ; 37                          ;
;     ENA CLR           ; 15                          ;
;     ENA SCLR          ; 10                          ;
;     SCLR              ; 22                          ;
;     plain             ; 30                          ;
; arriav_io_obuf        ; 2                           ;
; arriav_lcell_comb     ; 92                          ;
;     arith             ; 31                          ;
;         1 data inputs ; 30                          ;
;         2 data inputs ; 1                           ;
;     normal            ; 61                          ;
;         1 data inputs ; 6                           ;
;         2 data inputs ; 6                           ;
;         3 data inputs ; 10                          ;
;         4 data inputs ; 13                          ;
;         5 data inputs ; 10                          ;
;         6 data inputs ; 16                          ;
; boundary_port         ; 17                          ;
; stratixv_ram_block    ; 12                          ;
;                       ;                             ;
; Max LUT depth         ; 3.00                        ;
; Average LUT depth     ; 1.42                        ;
+-----------------------+-----------------------------+


+-------------------------------+
; Elapsed Time Per Partition    ;
+----------------+--------------+
; Partition Name ; Elapsed Time ;
+----------------+--------------+
; Top            ; 00:00:00     ;
+----------------+--------------+


+-------------------------------+
; Analysis & Synthesis Messages ;
+-------------------------------+
Info: *******************************************************************
Info: Running Quartus Prime Analysis & Synthesis
    Info: Version 18.1.0 Build 625 09/12/2018 SJ Standard Edition
    Info: Processing started: Wed May 03 12:55:43 2023
Info: Command: quartus_map --read_settings_files=on --write_settings_files=off 305MiniProject -c 305MiniProject
Warning (18236): Number of processors has not been specified which may cause overloading on shared machines.  Set the global assignment NUM_PARALLEL_PROCESSORS in your QSF to an appropriate value for best performance.
Info (20030): Parallel compilation is enabled and will use 8 of the 8 processors detected
Info (12021): Found 2 design units, including 1 entities, in source file /documents/305-miniproject/modelsim/sprite_rom.vhd
    Info (12022): Found design unit 1: sprite_rom-behave File: H:/Documents/305-MiniProject/modelsim/sprite_rom.vhd Line: 22
    Info (12023): Found entity 1: sprite_rom File: H:/Documents/305-MiniProject/modelsim/sprite_rom.vhd Line: 9
Info (12021): Found 2 design units, including 1 entities, in source file /documents/305-miniproject/modelsim/mouse.vhd
    Info (12022): Found design unit 1: MOUSE-behavior File: H:/Documents/305-MiniProject/modelsim/mouse.vhd Line: 18
    Info (12023): Found entity 1: MOUSE File: H:/Documents/305-MiniProject/modelsim/mouse.vhd Line: 9
Info (12021): Found 2 design units, including 1 entities, in source file /documents/305-miniproject/modelsim/vga_sync.vhd
    Info (12022): Found design unit 1: VGA_SYNC-a File: H:/Documents/305-MiniProject/modelsim/vga_sync.vhd Line: 15
    Info (12023): Found entity 1: VGA_SYNC File: H:/Documents/305-MiniProject/modelsim/vga_sync.vhd Line: 7
Info (12021): Found 2 design units, including 1 entities, in source file /documents/305-miniproject/modelsim/renderer.vhd
    Info (12022): Found design unit 1: renderer-behave File: H:/Documents/305-MiniProject/modelsim/renderer.vhd Line: 21
    Info (12023): Found entity 1: renderer File: H:/Documents/305-MiniProject/modelsim/renderer.vhd Line: 7
Info (12021): Found 2 design units, including 1 entities, in source file /documents/305-miniproject/modelsim/player_update.vhd
    Info (12022): Found design unit 1: player_update-rtl File: H:/Documents/305-MiniProject/modelsim/player_update.vhd Line: 17
    Info (12023): Found entity 1: player_update File: H:/Documents/305-MiniProject/modelsim/player_update.vhd Line: 5
Info (12021): Found 2 design units, including 1 entities, in source file /documents/305-miniproject/modelsim/main.vhd
    Info (12022): Found design unit 1: main-behave File: H:/Documents/305-MiniProject/modelsim/main.vhd Line: 16
    Info (12023): Found entity 1: main File: H:/Documents/305-MiniProject/modelsim/main.vhd Line: 5
Info (12127): Elaborating entity "main" for the top level hierarchy
Info (12128): Elaborating entity "renderer" for hierarchy "renderer:C1" File: H:/Documents/305-MiniProject/modelsim/main.vhd Line: 81
Info (12128): Elaborating entity "sprite_rom" for hierarchy "renderer:C1|sprite_rom:BIRD_ROM" File: H:/Documents/305-MiniProject/modelsim/renderer.vhd Line: 43
Info (12128): Elaborating entity "altsyncram" for hierarchy "renderer:C1|sprite_rom:BIRD_ROM|altsyncram:altsyncram_component" File: H:/Documents/305-MiniProject/modelsim/sprite_rom.vhd Line: 53
Info (12130): Elaborated megafunction instantiation "renderer:C1|sprite_rom:BIRD_ROM|altsyncram:altsyncram_component" File: H:/Documents/305-MiniProject/modelsim/sprite_rom.vhd Line: 53
Info (12133): Instantiated megafunction "renderer:C1|sprite_rom:BIRD_ROM|altsyncram:altsyncram_component" with the following parameter: File: H:/Documents/305-MiniProject/modelsim/sprite_rom.vhd Line: 53
    Info (12134): Parameter "address_aclr_a" = "NONE"
    Info (12134): Parameter "clock_enable_input_a" = "BYPASS"
    Info (12134): Parameter "clock_enable_output_a" = "BYPASS"
    Info (12134): Parameter "init_file" = "bird_rom.mif"
    Info (12134): Parameter "intended_device_family" = "Cyclone III"
    Info (12134): Parameter "lpm_hint" = "ENABLE_RUNTIME_MOD=NO"
    Info (12134): Parameter "lpm_type" = "altsyncram"
    Info (12134): Parameter "numwords_a" = "64"
    Info (12134): Parameter "operation_mode" = "ROM"
    Info (12134): Parameter "outdata_aclr_a" = "NONE"
    Info (12134): Parameter "outdata_reg_a" = "UNREGISTERED"
    Info (12134): Parameter "widthad_a" = "6"
    Info (12134): Parameter "width_a" = "12"
    Info (12134): Parameter "width_byteena_a" = "1"
Info (12021): Found 1 design units, including 1 entities, in source file db/altsyncram_9bg1.tdf
    Info (12023): Found entity 1: altsyncram_9bg1 File: H:/Documents/305-MiniProject/quartus/db/altsyncram_9bg1.tdf Line: 27
Info (12128): Elaborating entity "altsyncram_9bg1" for hierarchy "renderer:C1|sprite_rom:BIRD_ROM|altsyncram:altsyncram_component|altsyncram_9bg1:auto_generated" File: c:/intelfpga/18.1/quartus/libraries/megafunctions/altsyncram.tdf Line: 791
Info (12128): Elaborating entity "VGA_SYNC" for hierarchy "VGA_SYNC:C2" File: H:/Documents/305-MiniProject/modelsim/main.vhd Line: 91
Info (12128): Elaborating entity "player_update" for hierarchy "player_update:C3" File: H:/Documents/305-MiniProject/modelsim/main.vhd Line: 100
Warning (10540): VHDL Signal Declaration warning at player_update.vhd(12): used explicit default value for signal "NewX" because signal was never assigned a value File: H:/Documents/305-MiniProject/modelsim/player_update.vhd Line: 12
Info (12128): Elaborating entity "MOUSE" for hierarchy "MOUSE:C4" File: H:/Documents/305-MiniProject/modelsim/main.vhd Line: 107
Warning (10036): Verilog HDL or VHDL warning at mouse.vhd(25): object "CHARIN" assigned a value but never read File: H:/Documents/305-MiniProject/modelsim/mouse.vhd Line: 25
Warning (10492): VHDL Process Statement warning at mouse.vhd(151): signal "CHAROUT" is read inside the Process Statement but isn't in the Process Statement's sensitivity list File: H:/Documents/305-MiniProject/modelsim/mouse.vhd Line: 151
Warning (10492): VHDL Process Statement warning at mouse.vhd(155): signal "CHAROUT" is read inside the Process Statement but isn't in the Process Statement's sensitivity list File: H:/Documents/305-MiniProject/modelsim/mouse.vhd Line: 155
Warning (10492): VHDL Process Statement warning at mouse.vhd(156): signal "CHAROUT" is read inside the Process Statement but isn't in the Process Statement's sensitivity list File: H:/Documents/305-MiniProject/modelsim/mouse.vhd Line: 156
Warning (10492): VHDL Process Statement warning at mouse.vhd(157): signal "CHAROUT" is read inside the Process Statement but isn't in the Process Statement's sensitivity list File: H:/Documents/305-MiniProject/modelsim/mouse.vhd Line: 157
Info (13000): Registers with preset signals will power-up high File: H:/Documents/305-MiniProject/modelsim/mouse.vhd Line: 146
Info (13003): DEV_CLRn pin will set, and not reset, register with preset signal due to NOT Gate Push-Back
Info (286030): Timing-Driven Synthesis is running
Info (16010): Generating hard_block partition "hard_block:auto_generated_inst"
    Info (16011): Adding 0 node(s), including 0 DDIO, 0 PLL, 0 transceiver and 0 LCELL
Info (21057): Implemented 171 device resources after synthesis - the final resource count might be different
    Info (21058): Implemented 1 input pins
    Info (21059): Implemented 14 output pins
    Info (21060): Implemented 2 bidirectional pins
    Info (21061): Implemented 142 logic cells
    Info (21064): Implemented 12 RAM segments
Info: Quartus Prime Analysis & Synthesis was successful. 0 errors, 7 warnings
    Info: Peak virtual memory: 4899 megabytes
    Info: Processing ended: Wed May 03 12:55:54 2023
    Info: Elapsed time: 00:00:11
    Info: Total CPU time (on all processors): 00:00:17


