------------------------------------------------------------
Timing Analyzer Summary
------------------------------------------------------------

Type  : Slow 1100mV 85C Model Setup '\VGA_CLOCK:v_25MHzClk'
Slack : -4.708
TNS   : -266.411

Type  : Slow 1100mV 85C Model Setup 'MOUSE:C4|MOUSE_CLK_FILTER'
Slack : -3.964
TNS   : -74.403

Type  : Slow 1100mV 85C Model Setup 'Clk'
Slack : -3.088
TNS   : -27.618

Type  : Slow 1100mV 85C Model Hold 'Clk'
Slack : -2.292
TNS   : -14.248

Type  : Slow 1100mV 85C Model Hold '\VGA_CLOCK:v_25MHzClk'
Slack : 0.126
TNS   : 0.000

Type  : Slow 1100mV 85C Model Hold 'MOUSE:C4|MOUSE_CLK_FILTER'
Slack : 0.757
TNS   : 0.000

Type  : Slow 1100mV 85C Model Recovery 'MOUSE:C4|MOUSE_CLK_FILTER'
Slack : -2.703
TNS   : -43.131

Type  : Slow 1100mV 85C Model Removal 'MOUSE:C4|MOUSE_CLK_FILTER'
Slack : 1.846
TNS   : 0.000

Type  : Slow 1100mV 85C Model Minimum Pulse Width 'Clk'
Slack : -2.636
TNS   : -37.218

Type  : Slow 1100mV 85C Model Minimum Pulse Width '\VGA_CLOCK:v_25MHzClk'
Slack : -0.538
TNS   : -92.914

Type  : Slow 1100mV 85C Model Minimum Pulse Width 'MOUSE:C4|MOUSE_CLK_FILTER'
Slack : -0.538
TNS   : -18.969

Type  : Slow 1100mV 0C Model Setup '\VGA_CLOCK:v_25MHzClk'
Slack : -4.986
TNS   : -266.138

Type  : Slow 1100mV 0C Model Setup 'MOUSE:C4|MOUSE_CLK_FILTER'
Slack : -3.857
TNS   : -67.745

Type  : Slow 1100mV 0C Model Setup 'Clk'
Slack : -2.855
TNS   : -25.294

Type  : Slow 1100mV 0C Model Hold 'Clk'
Slack : -2.477
TNS   : -15.506

Type  : Slow 1100mV 0C Model Hold '\VGA_CLOCK:v_25MHzClk'
Slack : 0.253
TNS   : 0.000

Type  : Slow 1100mV 0C Model Hold 'MOUSE:C4|MOUSE_CLK_FILTER'
Slack : 0.788
TNS   : 0.000

Type  : Slow 1100mV 0C Model Recovery 'MOUSE:C4|MOUSE_CLK_FILTER'
Slack : -2.495
TNS   : -39.783

Type  : Slow 1100mV 0C Model Removal 'MOUSE:C4|MOUSE_CLK_FILTER'
Slack : 1.727
TNS   : 0.000

Type  : Slow 1100mV 0C Model Minimum Pulse Width 'Clk'
Slack : -2.636
TNS   : -37.496

Type  : Slow 1100mV 0C Model Minimum Pulse Width '\VGA_CLOCK:v_25MHzClk'
Slack : -0.538
TNS   : -91.395

Type  : Slow 1100mV 0C Model Minimum Pulse Width 'MOUSE:C4|MOUSE_CLK_FILTER'
Slack : -0.538
TNS   : -17.694

Type  : Fast 1100mV 85C Model Setup '\VGA_CLOCK:v_25MHzClk'
Slack : -2.031
TNS   : -104.295

Type  : Fast 1100mV 85C Model Setup 'MOUSE:C4|MOUSE_CLK_FILTER'
Slack : -1.994
TNS   : -36.360

Type  : Fast 1100mV 85C Model Setup 'Clk'
Slack : -1.688
TNS   : -12.545

Type  : Fast 1100mV 85C Model Hold 'Clk'
Slack : -1.286
TNS   : -7.842

Type  : Fast 1100mV 85C Model Hold '\VGA_CLOCK:v_25MHzClk'
Slack : -0.169
TNS   : -0.241

Type  : Fast 1100mV 85C Model Hold 'MOUSE:C4|MOUSE_CLK_FILTER'
Slack : 0.399
TNS   : 0.000

Type  : Fast 1100mV 85C Model Recovery 'MOUSE:C4|MOUSE_CLK_FILTER'
Slack : -1.310
TNS   : -20.908

Type  : Fast 1100mV 85C Model Removal 'MOUSE:C4|MOUSE_CLK_FILTER'
Slack : 1.024
TNS   : 0.000

Type  : Fast 1100mV 85C Model Minimum Pulse Width 'Clk'
Slack : -2.174
TNS   : -26.113

Type  : Fast 1100mV 85C Model Minimum Pulse Width '\VGA_CLOCK:v_25MHzClk'
Slack : -0.142
TNS   : -3.716

Type  : Fast 1100mV 85C Model Minimum Pulse Width 'MOUSE:C4|MOUSE_CLK_FILTER'
Slack : 0.118
TNS   : 0.000

Type  : Fast 1100mV 0C Model Setup '\VGA_CLOCK:v_25MHzClk'
Slack : -2.034
TNS   : -91.850

Type  : Fast 1100mV 0C Model Setup 'MOUSE:C4|MOUSE_CLK_FILTER'
Slack : -1.775
TNS   : -31.566

Type  : Fast 1100mV 0C Model Setup 'Clk'
Slack : -1.254
TNS   : -9.435

Type  : Fast 1100mV 0C Model Hold 'Clk'
Slack : -1.325
TNS   : -8.301

Type  : Fast 1100mV 0C Model Hold '\VGA_CLOCK:v_25MHzClk'
Slack : -0.149
TNS   : -0.153

Type  : Fast 1100mV 0C Model Hold 'MOUSE:C4|MOUSE_CLK_FILTER'
Slack : 0.366
TNS   : 0.000

Type  : Fast 1100mV 0C Model Recovery 'MOUSE:C4|MOUSE_CLK_FILTER'
Slack : -1.132
TNS   : -18.083

Type  : Fast 1100mV 0C Model Removal 'MOUSE:C4|MOUSE_CLK_FILTER'
Slack : 0.890
TNS   : 0.000

Type  : Fast 1100mV 0C Model Minimum Pulse Width 'Clk'
Slack : -2.174
TNS   : -26.092

Type  : Fast 1100mV 0C Model Minimum Pulse Width '\VGA_CLOCK:v_25MHzClk'
Slack : -0.083
TNS   : -1.332

Type  : Fast 1100mV 0C Model Minimum Pulse Width 'MOUSE:C4|MOUSE_CLK_FILTER'
Slack : 0.140
TNS   : 0.000

------------------------------------------------------------
