------------------------------------------------------------
Timing Analyzer Summary
------------------------------------------------------------

Type  : Slow 1100mV 85C Model Setup 'Clk'
Slack : -15.293
TNS   : -1552.307

Type  : Slow 1100mV 85C Model Setup 'MOUSE:C4|MOUSE_CLK_FILTER'
Slack : -4.045
TNS   : -95.227

Type  : Slow 1100mV 85C Model Setup '\VGA_CLOCK:v_25MHzClk'
Slack : -3.375
TNS   : -252.783

Type  : Slow 1100mV 85C Model Hold 'MOUSE:C4|MOUSE_CLK_FILTER'
Slack : 0.373
TNS   : 0.000

Type  : Slow 1100mV 85C Model Hold '\VGA_CLOCK:v_25MHzClk'
Slack : 0.429
TNS   : 0.000

Type  : Slow 1100mV 85C Model Hold 'Clk'
Slack : 0.451
TNS   : 0.000

Type  : Slow 1100mV 85C Model Recovery 'MOUSE:C4|MOUSE_CLK_FILTER'
Slack : -2.037
TNS   : -32.500

Type  : Slow 1100mV 85C Model Removal 'MOUSE:C4|MOUSE_CLK_FILTER'
Slack : 1.147
TNS   : 0.000

Type  : Slow 1100mV 85C Model Minimum Pulse Width 'Clk'
Slack : -2.636
TNS   : -472.351

Type  : Slow 1100mV 85C Model Minimum Pulse Width '\VGA_CLOCK:v_25MHzClk'
Slack : -0.538
TNS   : -98.882

Type  : Slow 1100mV 85C Model Minimum Pulse Width 'MOUSE:C4|MOUSE_CLK_FILTER'
Slack : -0.538
TNS   : -28.271

Type  : Slow 1100mV 0C Model Setup 'Clk'
Slack : -16.044
TNS   : -1522.040

Type  : Slow 1100mV 0C Model Setup 'MOUSE:C4|MOUSE_CLK_FILTER'
Slack : -4.020
TNS   : -89.581

Type  : Slow 1100mV 0C Model Setup '\VGA_CLOCK:v_25MHzClk'
Slack : -3.658
TNS   : -255.548

Type  : Slow 1100mV 0C Model Hold 'Clk'
Slack : 0.146
TNS   : 0.000

Type  : Slow 1100mV 0C Model Hold '\VGA_CLOCK:v_25MHzClk'
Slack : 0.434
TNS   : 0.000

Type  : Slow 1100mV 0C Model Hold 'MOUSE:C4|MOUSE_CLK_FILTER'
Slack : 0.439
TNS   : 0.000

Type  : Slow 1100mV 0C Model Recovery 'MOUSE:C4|MOUSE_CLK_FILTER'
Slack : -1.882
TNS   : -30.005

Type  : Slow 1100mV 0C Model Removal 'MOUSE:C4|MOUSE_CLK_FILTER'
Slack : 1.094
TNS   : 0.000

Type  : Slow 1100mV 0C Model Minimum Pulse Width 'Clk'
Slack : -2.636
TNS   : -475.177

Type  : Slow 1100mV 0C Model Minimum Pulse Width '\VGA_CLOCK:v_25MHzClk'
Slack : -0.538
TNS   : -95.163

Type  : Slow 1100mV 0C Model Minimum Pulse Width 'MOUSE:C4|MOUSE_CLK_FILTER'
Slack : -0.538
TNS   : -27.832

Type  : Fast 1100mV 85C Model Setup 'Clk'
Slack : -6.771
TNS   : -698.528

Type  : Fast 1100mV 85C Model Setup 'MOUSE:C4|MOUSE_CLK_FILTER'
Slack : -1.732
TNS   : -38.837

Type  : Fast 1100mV 85C Model Setup '\VGA_CLOCK:v_25MHzClk'
Slack : -1.670
TNS   : -96.975

Type  : Fast 1100mV 85C Model Hold 'Clk'
Slack : -0.019
TNS   : -0.099

Type  : Fast 1100mV 85C Model Hold '\VGA_CLOCK:v_25MHzClk'
Slack : -0.006
TNS   : -0.006

Type  : Fast 1100mV 85C Model Hold 'MOUSE:C4|MOUSE_CLK_FILTER'
Slack : 0.059
TNS   : 0.000

Type  : Fast 1100mV 85C Model Recovery 'MOUSE:C4|MOUSE_CLK_FILTER'
Slack : -0.935
TNS   : -14.914

Type  : Fast 1100mV 85C Model Removal 'MOUSE:C4|MOUSE_CLK_FILTER'
Slack : 0.637
TNS   : 0.000

Type  : Fast 1100mV 85C Model Minimum Pulse Width 'Clk'
Slack : -2.174
TNS   : -274.921

Type  : Fast 1100mV 85C Model Minimum Pulse Width '\VGA_CLOCK:v_25MHzClk'
Slack : -0.148
TNS   : -6.455

Type  : Fast 1100mV 85C Model Minimum Pulse Width 'MOUSE:C4|MOUSE_CLK_FILTER'
Slack : 0.009
TNS   : 0.000

Type  : Fast 1100mV 0C Model Setup 'Clk'
Slack : -6.079
TNS   : -596.091

Type  : Fast 1100mV 0C Model Setup '\VGA_CLOCK:v_25MHzClk'
Slack : -1.645
TNS   : -84.791

Type  : Fast 1100mV 0C Model Setup 'MOUSE:C4|MOUSE_CLK_FILTER'
Slack : -1.524
TNS   : -34.429

Type  : Fast 1100mV 0C Model Hold 'Clk'
Slack : -0.205
TNS   : -4.110

Type  : Fast 1100mV 0C Model Hold '\VGA_CLOCK:v_25MHzClk'
Slack : -0.069
TNS   : -0.069

Type  : Fast 1100mV 0C Model Hold 'MOUSE:C4|MOUSE_CLK_FILTER'
Slack : 0.084
TNS   : 0.000

Type  : Fast 1100mV 0C Model Recovery 'MOUSE:C4|MOUSE_CLK_FILTER'
Slack : -0.833
TNS   : -13.296

Type  : Fast 1100mV 0C Model Removal 'MOUSE:C4|MOUSE_CLK_FILTER'
Slack : 0.582
TNS   : 0.000

Type  : Fast 1100mV 0C Model Minimum Pulse Width 'Clk'
Slack : -2.174
TNS   : -275.045

Type  : Fast 1100mV 0C Model Minimum Pulse Width '\VGA_CLOCK:v_25MHzClk'
Slack : -0.074
TNS   : -1.985

Type  : Fast 1100mV 0C Model Minimum Pulse Width 'MOUSE:C4|MOUSE_CLK_FILTER'
Slack : 0.012
TNS   : 0.000

------------------------------------------------------------
